
> backend@1.0.0 test
> jest --runInBand

node.exe : FAIL src/tests/integration/security-pipeline.test.js
At line:1 char:1
+ & "C:\Program Files\nodejs/node.exe" "C:\Program Files\nodejs/node_mo ...
+ ~~~~~~~~~~~~~~~~~~~~~~~~~~~~~~~~~~~~~~~~~~~~~~~~~~~~~~~~~~~~~~~~~~~~~
    + CategoryInfo          : NotSpecified: (FAIL src/tests/...ipeline.test.js:String) [], RemoteException
    + FullyQualifiedErrorId : NativeCommandError
 
  ● Test suite failed to run

    Cannot find module '../lib/prisma' from 'src/tests/integration/security-pipeline.test.js'

    [0m [90m 36 |[39m }[33m;[39m
     [90m 37 |[39m
    [31m[1m>[22m[39m[90m 38 |[39m jest[33m.[39mmock([32m'../lib/prisma'[39m[33m,[39m () [33m=>[39m 
mockPrisma)[33m;[39m
     [90m    |[39m                                             [31m[1m^[22m[39m
     [90m 39 |[39m
     [90m 40 |[39m [90m// Import the documents router after mocking[39m
     [90m 41 |[39m describe([32m'🔒 Security & Resilience Integration Tests - Document Pipeline'[39m[33m,[39m () 
[33m=>[39m {[0m

      at Resolver._throwModNotFoundError (node_modules/jest-resolve/build/resolver.js:427:11)
      at Object.<anonymous> (src/tests/integration/security-pipeline.test.js:38:45)

FAIL src/tests/integration/worker-auth.test.js
  ● Test suite failed to run

    Cannot find module 'jsonwebtoken' from 'src/tests/integration/worker-auth.test.js'

    [0m [90m  9 |[39m
     [90m 10 |[39m [36mconst[39m prisma [33m=[39m require([32m'../../lib/prisma'[39m)[33m;[39m
    [31m[1m>[22m[39m[90m 11 |[39m [36mconst[39m jwt [33m=[39m require([32m'jsonwebtoken'[39m)[33m;[39m
     [90m    |[39m             [31m[1m^[22m[39m
     [90m 12 |[39m
     [90m 13 |[39m jest[33m.[39mmock([32m'../../lib/prisma'[39m)[33m;[39m
     [90m 14 |[39m jest[33m.[39mmock([32m'../../lib/nodemailer'[39m)[33m;[39m[0m

      at Resolver._throwModNotFoundError (node_modules/jest-resolve/build/resolver.js:427:11)
      at Object.require (src/tests/integration/worker-auth.test.js:11:13)

FAIL src/tests/integration/worker-dashboard.test.js
  ● Worker Dashboard (TDD) › GET /worker/documents › should return worker documents with expiry urgency

    TypeError: Cannot read properties of undefined (reading 'findMany')

    [0m [90m 53 |[39m     describe([32m'GET /worker/documents'[39m[33m,[39m () [33m=>[39m {
     [90m 54 |[39m         it([32m'should return worker documents with expiry urgency'[39m[33m,[39m 
[36masync[39m () [33m=>[39m {
    [31m[1m>[22m[39m[90m 55 |[39m             
prisma[33m.[39mcomplianceDocument[33m.[39mfindMany[33m.[39mmockResolvedValue(mockDocuments)[33m;[39m
     [90m    |[39m                                       [31m[1m^[22m[39m
     [90m 56 |[39m
     [90m 57 |[39m             [90m// EXPECTED BEHAVIOR:[39m
     [90m 58 |[39m             [90m// - Auth middleware validates JWT from cookie[39m[0m

      at Object.findMany (src/tests/integration/worker-dashboard.test.js:55:39)

  ● Worker Dashboard (TDD) › GET /worker/documents › should return empty list if worker has no documents

    TypeError: Cannot read properties of undefined (reading 'findMany')

    [0m [90m 65 |[39m
     [90m 66 |[39m         it([32m'should return empty list if worker has no documents'[39m[33m,[39m 
[36masync[39m () [33m=>[39m {
    [31m[1m>[22m[39m[90m 67 |[39m             
prisma[33m.[39mcomplianceDocument[33m.[39mfindMany[33m.[39mmockResolvedValue([])[33m;[39m
     [90m    |[39m                                       [31m[1m^[22m[39m
     [90m 68 |[39m
     [90m 69 |[39m             [90m// EXPECTED BEHAVIOR:[39m
     [90m 70 |[39m             [90m// - Response: 200 OK { documents: [] }[39m[0m

      at Object.findMany (src/tests/integration/worker-dashboard.test.js:67:39)

  ● Worker Dashboard (TDD) › GET /worker/documents › should filter documents by worker + agency (multi-tenant safety)

    TypeError: Cannot read properties of undefined (reading 'findMany')

    [0m [90m 93 |[39m
     [90m 94 |[39m         it([32m'should filter documents by worker + agency (multi-tenant 
safety)'[39m[33m,[39m [36masync[39m () [33m=>[39m {
    [31m[1m>[22m[39m[90m 95 |[39m             
prisma[33m.[39mcomplianceDocument[33m.[39mfindMany[33m.[39mmockResolvedValue(mockDocuments)[33m;[39m
     [90m    |[39m                                       [31m[1m^[22m[39m
     [90m 96 |[39m
     [90m 97 |[39m             [90m// EXPECTED BEHAVIOR:[39m
     [90m 98 |[39m             [90m// - Query: findMany({ where: { workerId, agencyId } })[39m[0m

      at Object.findMany (src/tests/integration/worker-dashboard.test.js:95:39)

PASS src/tests/integration/rbac.test.js
PASS src/tests/routes/shift-assignments.test.js
PASS src/tests/unit/encryption.test.js
  ● Console

    console.error
      [Encryption] Failed to decrypt file: error:1C800064:Provider routines::bad decrypt

    [0m [90m 90 |[39m         [36mreturn[39m decrypted[33m;[39m
     [90m 91 |[39m     } [36mcatch[39m (error) {
    [31m[1m>[22m[39m[90m 92 |[39m         console[33m.[39merror([32m'[Encryption] Failed to decrypt 
file:'[39m[33m,[39m error[33m.[39mmessage)[33m;[39m
     [90m    |[39m                 [31m[1m^[22m[39m
     [90m 93 |[39m         [36mthrow[39m [36mnew[39m [33mError[39m([32m'Document decryption failed - file may 
be corrupted or encryption key mismatch'[39m)[33m;[39m
     [90m 94 |[39m     }
     [90m 95 |[39m }[33m;[39m[0m

      at error (src/lib/encryption.js:92:17)
      at decryptFile (src/tests/unit/encryption.test.js:54:26)
      at Object.<anonymous> (node_modules/expect/build/toThrowMatchers.js:74:11)
      at Object.throwingMatcher [as toThrow] (node_modules/expect/build/index.js:320:21)
      at Object.toThrow (src/tests/unit/encryption.test.js:54:50)

    console.error
      [Encryption GCM] Failed to decrypt file: Unsupported state or unable to authenticate data

    [0m [90m 201 |[39m             [36mthrow[39m gcmError[33m;[39m
     [90m 202 |[39m         }
    [31m[1m>[22m[39m[90m 203 |[39m         console[33m.[39merror([32m'[Encryption GCM] Failed to decrypt 
file:'[39m[33m,[39m error[33m.[39mmessage)[33m;[39m
     [90m     |[39m                 [31m[1m^[22m[39m
     [90m 204 |[39m         [36mconst[39m decryptError [33m=[39m [36mnew[39m [33mError[39m([32m'Document 
GCM decryption failed'[39m)[33m;[39m
     [90m 205 |[39m         decryptError[33m.[39mcode [33m=[39m [32m'GCM_DECRYPT_ERROR'[39m[33m;[39m
     [90m 206 |[39m         [36mthrow[39m decryptError[33m;[39m[0m

      at error (src/lib/encryption.js:203:17)
      at Object.decryptFileGCM (src/tests/unit/encryption.test.js:92:17)

    console.error
      [Encryption GCM] Failed to decrypt file: Unsupported state or unable to authenticate data

    [0m [90m 201 |[39m             [36mthrow[39m gcmError[33m;[39m
     [90m 202 |[39m         }
    [31m[1m>[22m[39m[90m 203 |[39m         console[33m.[39merror([32m'[Encryption GCM] Failed to decrypt 
file:'[39m[33m,[39m error[33m.[39mmessage)[33m;[39m
     [90m     |[39m                 [31m[1m^[22m[39m
     [90m 204 |[39m         [36mconst[39m decryptError [33m=[39m [36mnew[39m [33mError[39m([32m'Document 
GCM decryption failed'[39m)[33m;[39m
     [90m 205 |[39m         decryptError[33m.[39mcode [33m=[39m [32m'GCM_DECRYPT_ERROR'[39m[33m;[39m
     [90m 206 |[39m         [36mthrow[39m decryptError[33m;[39m[0m

      at error (src/lib/encryption.js:203:17)
      at decryptFileGCM (src/tests/unit/encryption.test.js:107:26)
      at Object.<anonymous> (node_modules/expect/build/toThrowMatchers.js:74:11)
      at Object.throwingMatcher [as toThrow] (node_modules/expect/build/index.js:320:21)
      at Object.toThrow (src/tests/unit/encryption.test.js:107:53)

    console.error
      [Encryption GCM] Failed to decrypt file: Unsupported state or unable to authenticate data

    [0m [90m 201 |[39m             [36mthrow[39m gcmError[33m;[39m
     [90m 202 |[39m         }
    [31m[1m>[22m[39m[90m 203 |[39m         console[33m.[39merror([32m'[Encryption GCM] Failed to decrypt 
file:'[39m[33m,[39m error[33m.[39mmessage)[33m;[39m
     [90m     |[39m                 [31m[1m^[22m[39m
     [90m 204 |[39m         [36mconst[39m decryptError [33m=[39m [36mnew[39m [33mError[39m([32m'Document 
GCM decryption failed'[39m)[33m;[39m
     [90m 205 |[39m         decryptError[33m.[39mcode [33m=[39m [32m'GCM_DECRYPT_ERROR'[39m[33m;[39m
     [90m 206 |[39m         [36mthrow[39m decryptError[33m;[39m[0m

      at error (src/lib/encryption.js:203:17)
      at decryptFileGCM (src/tests/unit/encryption.test.js:118:26)
      at Object.<anonymous> (node_modules/expect/build/toThrowMatchers.js:74:11)
      at Object.throwingMatcher [as toThrow] (node_modules/expect/build/index.js:320:21)
      at Object.toThrow (src/tests/unit/encryption.test.js:118:53)

PASS src/tests/unit/auth.test.js
  ● Console

    console.error
      ❌ Token verification failed: Invalid token

    [0m [90m 75 |[39m         })[33m;[39m
     [90m 76 |[39m     } [36mcatch[39m (err) {
    [31m[1m>[22m[39m[90m 77 |[39m         console[33m.[39merror([32m'❌ Token verification 
failed:'[39m[33m,[39m err[33m.[39mmessage)[33m;[39m
     [90m    |[39m                 [31m[1m^[22m[39m
     [90m 78 |[39m         [36mthrow[39m [36mnew[39m [33mUnauthorizedError[39m([32m'Unauthorized: Invalid or 
expired token'[39m)[33m;[39m
     [90m 79 |[39m     }
     [90m 80 |[39m[0m

      at error (src/lib/auth.js:77:17)
      at Object.<anonymous> (src/tests/unit/auth.test.js:81:13)

    console.error
      ❌ CLERK_SECRET_KEY is not set!

    [0m [90m 63 |[39m
     [90m 64 |[39m     [36mif[39m ([33m![39msecretKey) {
    [31m[1m>[22m[39m[90m 65 |[39m         console[33m.[39merror([32m'❌ CLERK_SECRET_KEY is not 
set!'[39m)[33m;[39m
     [90m    |[39m                 [31m[1m^[22m[39m
     [90m 66 |[39m         [36mthrow[39m [36mnew[39m [33mError[39m([32m'Server misconfiguration: 
CLERK_SECRET_KEY not set'[39m)[33m;[39m
     [90m 67 |[39m     }
     [90m 68 |[39m[0m

      at error (src/lib/auth.js:65:17)
      at Object.verifyClerkToken (src/tests/unit/auth.test.js:93:26)

    console.error
      ❌ Token verification failed: Invalid token

    [0m [90m 75 |[39m         })[33m;[39m
     [90m 76 |[39m     } [36mcatch[39m (err) {
    [31m[1m>[22m[39m[90m 77 |[39m         console[33m.[39merror([32m'❌ Token verification 
failed:'[39m[33m,[39m err[33m.[39mmessage)[33m;[39m
     [90m    |[39m                 [31m[1m^[22m[39m
     [90m 78 |[39m         [36mthrow[39m [36mnew[39m [33mUnauthorizedError[39m([32m'Unauthorized: Invalid or 
expired token'[39m)[33m;[39m
     [90m 79 |[39m     }
     [90m 80 |[39m[0m

      at error (src/lib/auth.js:77:17)
      at requireAgency (src/lib/auth.js:115:25)
      at Object.<anonymous> (src/tests/unit/auth.test.js:278:13)

    console.error
      Error in requireAgency middleware: Error: Database connection error
          at Object.<anonymous> (C:\Users\HP\Desktop\ShiftWise\shiftwise\backend\src\tests\unit\auth.test.js:307:23)
          at C:\Users\HP\Desktop\ShiftWise\shiftwise\backend\node_modules\jest-mock\build\index.js:397:39
          at Object.<anonymous> 
(C:\Users\HP\Desktop\ShiftWise\shiftwise\backend\node_modules\jest-mock\build\index.js:404:13)
          at Object.mockConstructor [as findUnique] 
(C:\Users\HP\Desktop\ShiftWise\shiftwise\backend\node_modules\jest-mock\build\index.js:148:19)
          at findUnique (C:\Users\HP\Desktop\ShiftWise\shiftwise\backend\src\lib\auth.js:93:36)
          at getUser (C:\Users\HP\Desktop\ShiftWise\shiftwise\backend\src\lib\auth.js:116:42)
          at Object.<anonymous> (C:\Users\HP\Desktop\ShiftWise\shiftwise\backend\src\tests\unit\auth.test.js:322:13)

    [0m [90m 126 |[39m             [36mreturn[39m res[33m.[39mstatus([35m403[39m)[33m.[39mjson({ 
error[33m:[39m error[33m.[39mmessage })[33m;[39m
     [90m 127 |[39m         }
    [31m[1m>[22m[39m[90m 128 |[39m         console[33m.[39merror([32m'Error in requireAgency 
middleware:'[39m[33m,[39m error)[33m;[39m
     [90m     |[39m                 [31m[1m^[22m[39m
     [90m 129 |[39m         [36mreturn[39m res[33m.[39mstatus([35m500[39m)[33m.[39mjson({ error[33m:[39m 
[32m'Internal server error'[39m })[33m;[39m
     [90m 130 |[39m     }
     [90m 131 |[39m }[33m;[39m[0m

      at error (src/lib/auth.js:128:17)
      at Object.<anonymous> (src/tests/unit/auth.test.js:322:13)

PASS src/tests/routes/shifts.test.js
PASS src/tests/integration/file-download.test.js
PASS src/tests/integration/encryption-roundtrip.test.js
  ● Console

    console.error
      [Encryption GCM] Failed to decrypt file: Unsupported state or unable to authenticate data

    [0m [90m 201 |[39m             [36mthrow[39m gcmError[33m;[39m
     [90m 202 |[39m         }
    [31m[1m>[22m[39m[90m 203 |[39m         console[33m.[39merror([32m'[Encryption GCM] Failed to decrypt 
file:'[39m[33m,[39m error[33m.[39mmessage)[33m;[39m
     [90m     |[39m                 [31m[1m^[22m[39m
     [90m 204 |[39m         [36mconst[39m decryptError [33m=[39m [36mnew[39m [33mError[39m([32m'Document 
GCM decryption failed'[39m)[33m;[39m
     [90m 205 |[39m         decryptError[33m.[39mcode [33m=[39m [32m'GCM_DECRYPT_ERROR'[39m[33m;[39m
     [90m 206 |[39m         [36mthrow[39m decryptError[33m;[39m[0m

      at error (src/lib/encryption.js:203:17)
      at decryptFileGCM (src/lib/encryption.js:223:16)
      at decryptFileAuto (src/tests/integration/encryption-roundtrip.test.js:71:26)
      at Object.<anonymous> (node_modules/expect/build/toThrowMatchers.js:74:11)
      at Object.throwingMatcher [as toThrow] (node_modules/expect/build/index.js:320:21)
      at Object.toThrow (src/tests/integration/encryption-roundtrip.test.js:71:65)

    console.error
      [Encryption] Failed to decrypt file: error:1C80006B:Provider routines::wrong final block length

    [0m [90m 90 |[39m         [36mreturn[39m decrypted[33m;[39m
     [90m 91 |[39m     } [36mcatch[39m (error) {
    [31m[1m>[22m[39m[90m 92 |[39m         console[33m.[39merror([32m'[Encryption] Failed to decrypt 
file:'[39m[33m,[39m error[33m.[39mmessage)[33m;[39m
     [90m    |[39m                 [31m[1m^[22m[39m
     [90m 93 |[39m         [36mthrow[39m [36mnew[39m [33mError[39m([32m'Document decryption failed - file may 
be corrupted or encryption key mismatch'[39m)[33m;[39m
     [90m 94 |[39m     }
     [90m 95 |[39m }[33m;[39m[0m

      at error (src/lib/encryption.js:92:17)
      at decryptFile (src/lib/encryption.js:221:16)
      at decryptFileAuto (src/tests/integration/encryption-roundtrip.test.js:98:17)
      at Object.<anonymous> (node_modules/expect/build/toThrowMatchers.js:74:11)
      at Object.throwingMatcher [as toThrow] (node_modules/expect/build/index.js:320:21)
      at Object.toThrow (src/tests/integration/encryption-roundtrip.test.js:99:16)

    console.error
      [Encryption GCM] Failed to decrypt file: Unsupported state or unable to authenticate data

    [0m [90m 201 |[39m             [36mthrow[39m gcmError[33m;[39m
     [90m 202 |[39m         }
    [31m[1m>[22m[39m[90m 203 |[39m         console[33m.[39merror([32m'[Encryption GCM] Failed to decrypt 
file:'[39m[33m,[39m error[33m.[39mmessage)[33m;[39m
     [90m     |[39m                 [31m[1m^[22m[39m
     [90m 204 |[39m         [36mconst[39m decryptError [33m=[39m [36mnew[39m [33mError[39m([32m'Document 
GCM decryption failed'[39m)[33m;[39m
     [90m 205 |[39m         decryptError[33m.[39mcode [33m=[39m [32m'GCM_DECRYPT_ERROR'[39m[33m;[39m
     [90m 206 |[39m         [36mthrow[39m decryptError[33m;[39m[0m

      at error (src/lib/encryption.js:203:17)
      at decryptFileGCM (src/lib/encryption.js:223:16)
      at decryptFileAuto (src/tests/integration/encryption-roundtrip.test.js:108:17)
      at Object.<anonymous> (node_modules/expect/build/toThrowMatchers.js:74:11)
      at Object.throwingMatcher [as toThrow] (node_modules/expect/build/index.js:320:21)
      at Object.toThrow (src/tests/integration/encryption-roundtrip.test.js:109:16)

    console.error
      [Encryption GCM] Failed to decrypt file: Unsupported state or unable to authenticate data

    [0m [90m 201 |[39m             [36mthrow[39m gcmError[33m;[39m
     [90m 202 |[39m         }
    [31m[1m>[22m[39m[90m 203 |[39m         console[33m.[39merror([32m'[Encryption GCM] Failed to decrypt 
file:'[39m[33m,[39m error[33m.[39mmessage)[33m;[39m
     [90m     |[39m                 [31m[1m^[22m[39m
     [90m 204 |[39m         [36mconst[39m decryptError [33m=[39m [36mnew[39m [33mError[39m([32m'Document 
GCM decryption failed'[39m)[33m;[39m
     [90m 205 |[39m         decryptError[33m.[39mcode [33m=[39m [32m'GCM_DECRYPT_ERROR'[39m[33m;[39m
     [90m 206 |[39m         [36mthrow[39m decryptError[33m;[39m[0m

      at error (src/lib/encryption.js:203:17)
      at decryptFileGCM (src/lib/encryption.js:223:16)
      at Object.decryptFileAuto (src/tests/integration/encryption-roundtrip.test.js:125:17)

PASS src/tests/integration/expiry-alert-dedup.test.js
  ● Console

    console.log
      Skipped duplicate alert due to P2002

      at log (src/tests/integration/expiry-alert-dedup.test.js:179:33)
          at async Promise.all (index 1)


Test Suites: 3 failed, 8 passed, 11 total
Tests:       3 failed, 92 passed, 95 total
Snapshots:   0 total
Time:        1.923 s, estimated 6 s
Ran all test suites.
